2026-06-17 06:12:35 add_service.php executed
2026-06-17 06:12:45 add_service.php executed
2026-06-17 06:13:50 add_service.php executed
2026-06-17 06:25:41 add_service.php executed
2026-06-17 06:25:57 add_service.php executed
2026-06-17 06:26:30 add_service.php executed
2026-06-17 06:26:33 add_service.php executed
2026-06-17 06:28:34 add_service.php executed
2026-06-17 06:29:14 add_service.php executed
2026-06-17 06:34:44 add_service.php executed
